../Core/Src/main.c:108:9:Parse_Joystick	32	static
../Core/Src/main.c:125:6:Drive_Motors	40	static
../Core/Src/main.c:177:6:Send_Ble	16	static
../Core/Src/main.c:197:5:main	16	static
../Core/Src/main.c:313:6:SystemClock_Config	88	static
../Core/Src/main.c:361:13:MX_TIM1_Init	32	static
../Core/Src/main.c:410:13:MX_TIM2_Init	48	static
../Core/Src/main.c:459:13:MX_TIM3_Init	64	static
../Core/Src/main.c:522:13:MX_TIM4_Init	32	static
../Core/Src/main.c:567:13:MX_TIM12_Init	40	static
../Core/Src/main.c:618:13:MX_UART5_Init	8	static
../Core/Src/main.c:651:13:MX_USART2_UART_Init	8	static
../Core/Src/main.c:684:13:MX_GPIO_Init	48	static
../Core/Src/main.c:745:6:HAL_UARTEx_RxEventCallback	16	static
../Core/Src/main.c:761:6:HAL_TIM_IC_CaptureCallback	16	static
../Core/Src/main.c:797:6:HAL_TIM_PeriodElapsedCallback	16	static
../Core/Src/main.c:805:6:HAL_SYSTICK_Callback	8	static
../Core/Src/main.c:821:6:Error_Handler	4	static,ignoring_inline_asm
