../Core/Src/main.c:79:5:main	8	static
../Core/Src/main.c:136:6:SystemClock_Config	88	static
../Core/Src/main.c:184:13:MX_TIM2_Init	48	static
../Core/Src/main.c:242:13:MX_TIM12_Init	40	static
../Core/Src/main.c:293:13:MX_USART2_UART_Init	8	static
../Core/Src/main.c:326:13:MX_GPIO_Init	48	static
../Core/Src/main.c:381:6:HAL_TIM_IC_CaptureCallback	16	static
../Core/Src/main.c:386:6:HAL_TIM_PeriodElapsedCallback	16	static
../Core/Src/main.c:392:6:SysTick_CallBack	8	static
../Core/Src/main.c:411:6:Error_Handler	4	static,ignoring_inline_asm
