../Core/Src/ssd1306.c:24:6:ssd1306_Reset	8	static
../Core/Src/ssd1306.c:36:6:ssd1306_WriteCommand	16	static
../Core/Src/ssd1306.c:44:6:ssd1306_WriteData	16	static
../Core/Src/ssd1306.c:63:17:ssd1306_FillBuffer	24	static
../Core/Src/ssd1306.c:73:6:ssd1306_Init	8	static
../Core/Src/ssd1306.c:178:6:ssd1306_SetRotation	16	static
../Core/Src/ssd1306.c:182:6:ssd1306_Fill	16	static
../Core/Src/ssd1306.c:187:6:ssd1306_UpdateScreen	16	static
../Core/Src/ssd1306.c:210:6:ssd1306_DrawPixel	24	static
../Core/Src/ssd1306.c:238:6:ssd1306_WriteChar	48	static
../Core/Src/ssd1306.c:275:6:ssd1306_WriteString	32	static
../Core/Src/ssd1306.c:289:6:ssd1306_SetCursor	16	static
../Core/Src/ssd1306.c:295:6:ssd1306_Line	48	static
../Core/Src/ssd1306.c:322:6:ssd1306_Polyline	40	static
../Core/Src/ssd1306.c:336:14:ssd1306_DegToRad	16	static
../Core/Src/ssd1306.c:341:17:ssd1306_NormalizeTo0_360	24	static
../Core/Src/ssd1306.c:357:6:ssd1306_DrawArc	64	static
../Core/Src/ssd1306.c:397:6:ssd1306_DrawArcWithRadiusLine	72	static
../Core/Src/ssd1306.c:440:6:ssd1306_DrawCircle	40	static
../Core/Src/ssd1306.c:475:6:ssd1306_FillCircle	48	static
../Core/Src/ssd1306.c:511:6:ssd1306_DrawRectangle	32	static
../Core/Src/ssd1306.c:521:6:ssd1306_FillRectangle	32	static
../Core/Src/ssd1306.c:535:17:ssd1306_InvertRectangle	32	static
../Core/Src/ssd1306.c:566:6:ssd1306_DrawBitmap	24	static
../Core/Src/ssd1306.c:590:6:ssd1306_SetContrast	24	static
../Core/Src/ssd1306.c:596:6:ssd1306_SetDisplayOn	24	static
../Core/Src/ssd1306.c:608:9:ssd1306_GetDisplayOn	4	static
